#-----------------------------------------------------------
# Webtalk v2019.1 (64-bit)
# SW Build 2552052 on Fri May 24 14:49:42 MDT 2019
# IP Build 2548770 on Fri May 24 18:01:18 MDT 2019
# Start of session at: Fri Aug  2 20:07:36 2019
# Process ID: 7888
# Current directory: E:/xilinx_project/CPUproject/projet_CPU/Projet_2019/project_2019/project_2019.sim/sim_1/synth/func/xsim
# Command line: wbtcv.exe -mode batch -source E:/xilinx_project/CPUproject/projet_CPU/Projet_2019/project_2019/project_2019.sim/sim_1/synth/func/xsim/xsim.dir/test_cache_wrapper_func_synth/webtalk/xsim_webtalk.tcl -notrace
# Log file: E:/xilinx_project/CPUproject/projet_CPU/Projet_2019/project_2019/project_2019.sim/sim_1/synth/func/xsim/webtalk.log
# Journal file: E:/xilinx_project/CPUproject/projet_CPU/Projet_2019/project_2019/project_2019.sim/sim_1/synth/func/xsim\webtalk.jou
#-----------------------------------------------------------
source E:/xilinx_project/CPUproject/projet_CPU/Projet_2019/project_2019/project_2019.sim/sim_1/synth/func/xsim/xsim.dir/test_cache_wrapper_func_synth/webtalk/xsim_webtalk.tcl -notrace
