#-----------------------------------------------------------
# Vivado v2017.4 (64-bit)
# SW Build 2086221 on Fri Dec 15 20:55:39 MST 2017
# IP Build 2085800 on Fri Dec 15 22:25:07 MST 2017
# Start of session at: Thu Nov 29 08:34:22 2018
# Process ID: 8980
# Current directory: c:/xilinx_project/git_project/projet_CPU/projet_CPU/memory_ip/mig_7series_0_ex
# Command line: vivado.exe -notrace -source c:/xilinx_project/git_project/projet_CPU/projet_CPU/test_project/project_base_2017/project_base_2017.srcs/sources_1/ip/mig_7series_0/mig_7series_0_ex.tcl
# Log file: c:/xilinx_project/git_project/projet_CPU/projet_CPU/memory_ip/mig_7series_0_ex/vivado.log
# Journal file: c:/xilinx_project/git_project/projet_CPU/projet_CPU/memory_ip/mig_7series_0_ex\vivado.jou
#-----------------------------------------------------------
start_gui
source c:/xilinx_project/git_project/projet_CPU/projet_CPU/test_project/project_base_2017/project_base_2017.srcs/sources_1/ip/mig_7series_0/mig_7series_0_ex.tcl -notrace
update_compile_order -fileset sources_1
update_compile_order -fileset sim_1
